gcc -g p1final.c
îº§ gdb a.out
GNU gdb (Ubuntu 8.1.1-0ubuntu1) 8.1.1
Copyright (C) 2018 Free Software Foundation, Inc.
License GPLv3+: GNU GPL version 3 or later <http://gnu.org/licenses/gpl.html>
This is free software: you are free to change and redistribute it.
There is NO WARRANTY, to the extent permitted by law.  Type "show copying"
and "show warranty" for details.
This GDB was configured as "x86_64-linux-gnu".
Type "show configuration" for configuration details.
For bug reporting instructions, please see:
<http://www.gnu.org/software/gdb/bugs/>.
Find the GDB manual and other documentation resources online at:
<http://www.gnu.org/software/gdb/documentation/>.
For help, type "help".
Type "apropos word" to search for commands related to "word"...
Reading symbols from a.out...done.
(gdb) b main
Breakpoint 1 at 0x826: file p1final.c, line 18.
(gdb) r
Starting program: /home/runner/IA2-Test1-Session2/a.out 
warning: Error disabling address space randomization: Operation not permitted

Breakpoint 1, main () at p1final.c:18
18  {
(gdb) n
20    input(&base,&height);
(gdb) s
input (base=0x7fff36f2943c, height=0x7fff36f29440) at p1final.c:4
4     printf("enter the base and height of the numbers\n");
(gdb) n
enter the base and height of the numbers
5     scanf("%f%f",base,height);
(gdb) n
6
8
6     return 0;
(gdb) n
8   }
(gdb) n
main () at p1final.c:21
21    find_area(base,height,&area);
(gdb) s
find_area (base=6, height=8, area=0x7fff36f29444) at p1final.c:11
11    *area=0.5 * base * height;
(gdb) n
12  }
(gdb) n
main () at p1final.c:22
22    output(base,height,area);
(gdb) s
output (base=6, height=8, area=24) at p1final.c:15
15    printf("the area pf the trianagle having base %f and height %f is %f\n",base,height,area);
(gdb) n
the area pf the trianagle having base 6.000000 and height 8.000000 is 24.000000
16  }
(gdb) q
A debugging session is active.

    Inferior 1 [process 37] will be killed.

Quit anyway? (y or n) y