 gcc -g p2final.c
 gdb a.out
GNU gdb (Ubuntu 8.1.1-0ubuntu1) 8.1.1
Copyright (C) 2018 Free Software Foundation, Inc.
License GPLv3+: GNU GPL version 3 or later <http://gnu.org/licenses/gpl.html>
This is free software: you are free to change and redistribute it.
There is NO WARRANTY, to the extent permitted by law.  Type "show copying"
and "show warranty" for details.
This GDB was configured as "x86_64-linux-gnu".
Type "show configuration" for configuration details.
For bug reporting instructions, please see:
<http://www.gnu.org/software/gdb/bugs/>.
Find the GDB manual and other documentation resources online at:
<http://www.gnu.org/software/gdb/documentation/>.
For help, type "help".
Type "apropos word" to search for commands related to "word"...
Reading symbols from a.out...done.
(gdb) b main
Breakpoint 1 at 0x899: file p2final.c, line 33.
(gdb) r 
Starting program: /home/runner/IA2-Test1-Session2/a.out 
warning: Error disabling address space randomization: Operation not permitted

Breakpoint 1, main () at p2final.c:33
33     a=input_side();
(gdb) s
input_side () at p2final.c:4
4   {
(gdb) n
6     printf("enter the side of a triangle\n");
(gdb) n
enter the side of a triangle
7     scanf("%f",&side);
(gdb) n
8
8     return side;
(gdb) n
9   }
(gdb) n
main () at p2final.c:34
34     b=input_side();
(gdb) s
input_side () at p2final.c:4
4   {
(gdb) n
6     printf("enter the side of a triangle\n");
(gdb) n
enter the side of a triangle
7     scanf("%f",&side);
(gdb) n
4
8     return side;
(gdb) n
9   }
(gdb) n
main () at p2final.c:35
35     c=input_side();
(gdb) s
input_side () at p2final.c:4
4   {
(gdb) n
6     printf("enter the side of a triangle\n");
(gdb) n
enter the side of a triangle
7     scanf("%f",&side);
(gdb) n
6
8     return side;
(gdb) n
9   }
(gdb) n
main () at p2final.c:36
36     scalene=check_scalene(a,b,c);
(gdb) s
check_scalene (a=8, b=4, c=6) at p2final.c:12
12    if(a!=b && a!=c && b!=c)
(gdb) n
13    return 0;
(gdb) n
19  }
(gdb) n
main () at p2final.c:37
37     output(a,b,c,scalene);
(gdb) s
output (a=8, b=4, c=6, isscalene=0) at p2final.c:22
22     if(isscalene==0)
(gdb) n
23     printf("the given triangle of sides %d,%d,%d  is scalene triangle\n",a,b,c);
(gdb) n
the given triangle of sides 8,4,6  is scalene triangle
29   }
(gdb) n
main () at p2final.c:38
38   }(gdb) q
A debugging session is active.

    Inferior 1 [process 103] will be killed.

Quit anyway? (y or n) y
 